// Jest Snapshot v1, https://goo.gl/fbAQLP

exports[`CaraouselSlide renders correctly 1`] = `ShallowWrapper {}`;

exports[`Styled Image (SImage) mounted SImage renders correctly 1`] = `ReactWrapper {}`;
